LBRACE [1,1]
RBRACE [2,1]
LCURLY [3,1]
RCURLY [4,1]
LPAREN [5,1]
RPAREN [6,1]
SEMICOLON [7,1]
COLON [8,1]
COMMA [9,1]
DASHDASH [10,1]
DASH [11,1]
CROSS [12,1]
CROSSCROSS [13,1]
STAR [14,1]
SLASH [15,1]
NOT [16,1]
EQUALS [17,1]
NOTEQUALS [18,1]
LESS [19,1]
GREATER [20,1]
LESSEQ [21,1]
GREATEREQ [22,1]
ASSIGN [23,1]
AND [24,1]
OR [25,1]
EOF [25,3]
